// Jest Snapshot v1, https://goo.gl/fbAQLP

exports[`dynamic-import.js - {"bracketSpacing":false} [acorn] format 1`] = `
"Unexpected token (1:20)
> 1 | import("./foo.json", { with: { type: "json" } });
    |                    ^
  2 |"
`;

exports[`dynamic-import.js - {"bracketSpacing":false} [espree] format 1`] = `
"Unexpected token , (1:20)
> 1 | import("./foo.json", { with: { type: "json" } });
    |                    ^
  2 |"
`;

exports[`dynamic-import.js - {"bracketSpacing":false} [meriyah] format 1`] = `
"Expected ')' (1:20)
> 1 | import("./foo.json", { with: { type: "json" } });
    |                    ^
  2 |"
`;

exports[`dynamic-import.js - {"bracketSpacing":false} format 1`] = `
====================================options=====================================
bracketSpacing: false
parsers: ["babel"]
printWidth: 80
                                                                                | printWidth
=====================================input======================================
import("./foo.json", { with: { type: "json" } });

=====================================output=====================================
import("./foo.json", {with: {type: "json"}});

================================================================================
`;

exports[`empty.js - {"bracketSpacing":false} [acorn] format 1`] = `
"Unexpected token (1:33)
> 1 | export * as bar from "bar.json" with { }
    |                                 ^"
`;

exports[`empty.js - {"bracketSpacing":false} [espree] format 1`] = `
"Unexpected token with (1:33)
> 1 | export * as bar from "bar.json" with { }
    |                                 ^"
`;

exports[`empty.js - {"bracketSpacing":false} [meriyah] format 1`] = `
"Unexpected token: 'with' (1:36)
> 1 | export * as bar from "bar.json" with { }
    |                                    ^"
`;

exports[`empty.js - {"bracketSpacing":false} format 1`] = `
====================================options=====================================
bracketSpacing: false
parsers: ["babel"]
printWidth: 80
                                                                                | printWidth
=====================================input======================================
export * as bar from "bar.json" with { }
=====================================output=====================================
export * as bar from "bar.json";

================================================================================
`;

exports[`re-export.js - {"bracketSpacing":false} [acorn] format 1`] = `
"Unexpected token (1:44)
> 1 | export { default as foo2 } from "foo.json" with { type: "json" };
    |                                            ^
  2 |"
`;

exports[`re-export.js - {"bracketSpacing":false} [espree] format 1`] = `
"Unexpected token with (1:44)
> 1 | export { default as foo2 } from "foo.json" with { type: "json" };
    |                                            ^
  2 |"
`;

exports[`re-export.js - {"bracketSpacing":false} [meriyah] format 1`] = `
"Unexpected token: 'with' (1:47)
> 1 | export { default as foo2 } from "foo.json" with { type: "json" };
    |                                               ^
  2 |"
`;

exports[`re-export.js - {"bracketSpacing":false} format 1`] = `
====================================options=====================================
bracketSpacing: false
parsers: ["babel"]
printWidth: 80
                                                                                | printWidth
=====================================input======================================
export { default as foo2 } from "foo.json" with { type: "json" };

=====================================output=====================================
export {default as foo2} from "foo.json" with {type: "json"};

================================================================================
`;

exports[`static-import.js - {"bracketSpacing":false} [acorn] format 1`] = `
"Unexpected token (1:31)
> 1 | import json from "./foo.json" with { type: "json" };
    |                               ^
  2 |"
`;

exports[`static-import.js - {"bracketSpacing":false} [espree] format 1`] = `
"Unexpected token with (1:31)
> 1 | import json from "./foo.json" with { type: "json" };
    |                               ^
  2 |"
`;

exports[`static-import.js - {"bracketSpacing":false} [meriyah] format 1`] = `
"Unexpected token: 'with' (1:34)
> 1 | import json from "./foo.json" with { type: "json" };
    |                                  ^
  2 |"
`;

exports[`static-import.js - {"bracketSpacing":false} format 1`] = `
====================================options=====================================
bracketSpacing: false
parsers: ["babel"]
printWidth: 80
                                                                                | printWidth
=====================================input======================================
import json from "./foo.json" with { type: "json" };

=====================================output=====================================
import json from "./foo.json" with {type: "json"};

================================================================================
`;
