// Jest Snapshot v1, https://goo.gl/fbAQLP

exports[`snippet: #0 [acorn] format 1`] = `
"'import' and 'export' may appear only with 'sourceType: module' (1:1)
> 1 | import "foo"
    | ^"
`;

exports[`snippet: #0 [espree] format 1`] = `
"'import' and 'export' may appear only with 'sourceType: module' (1:1)
> 1 | import "foo"
    | ^"
`;

exports[`snippet: #0 [meriyah] format 1`] = `
"The import keyword can only be used with the module goal (1:12)
> 1 | import "foo"
    |            ^"
`;

exports[`snippet: #1 [acorn] format 1`] = `
"'with' in strict mode (1:1)
> 1 | with(foo) {}
    | ^"
`;

exports[`snippet: #1 [espree] format 1`] = `
"'with' in strict mode (1:1)
> 1 | with(foo) {}
    | ^"
`;

exports[`snippet: #1 [meriyah] format 1`] = `
"Strict mode code may not include a with statement (1:5)
> 1 | with(foo) {}
    |     ^"
`;

exports[`snippet: #2 [acorn] format 1`] = `
"Deleting local variable in strict mode (1:1)
> 1 | delete foo
    | ^"
`;

exports[`snippet: #2 [espree] format 1`] = `
"Deleting local variable in strict mode (1:1)
> 1 | delete foo
    | ^"
`;

exports[`snippet: #2 [meriyah] format 1`] = `
"Calling delete on expression not allowed in strict mode (1:10)
> 1 | delete foo
    |          ^"
`;
