// Jest Snapshot v1, https://goo.gl/fbAQLP

exports[`test.ts format 1`] = `
====================================options=====================================
parsers: ["typescript"]
printWidth: 80
                                                                                | printWidth
=====================================input======================================
(a?.b!).c;
(a?.()!).b;
(a?.b)!.c;
(a?.())!.b;

=====================================output=====================================
(a?.b)!.c;
(a?.())!.b;
(a?.b)!.c;
(a?.())!.b;

================================================================================
`;
