// Jest Snapshot v1, https://goo.gl/fbAQLP

exports[`in-jsx-text.js format 1`] = `
====================================options=====================================
cursorOffset: 3
parsers: ["babel", "typescript", "flow"]
printWidth: 80
                                                                                | printWidth
=====================================input======================================
<>a<|>
  <div>hi</div>
</>

=====================================output=====================================
<>
  a<|><div>hi</div>
</>;

================================================================================
`;
