// Jest Snapshot v1, https://goo.gl/fbAQLP

exports[`comments.js format 1`] = `
====================================options=====================================
parsers: ["flow"]
printWidth: 80
                                                                                | printWidth
=====================================input======================================
type A<T: string/* comment */> = B;
type A<T: /* comment */string> = B;
type A<T:/* comment */ string> = B;
type A<T /* comment */:string> = B;
type A<T/* comment */ :string> = B;
type A</* comment */T :string> = B;

=====================================output=====================================
type A<T: string /* comment */> = B;
type A<T: /* comment */ string> = B;
type A<T: /* comment */ string> = B;
type A<T /* comment */ : string> = B;
type A<T /* comment */ : string> = B;
type A</* comment */ T: string> = B;

================================================================================
`;
