// Jest Snapshot v1, https://goo.gl/fbAQLP

exports[`test.js format 1`] = `
====================================options=====================================
parsers: ["babel", "typescript", "flow"]
printWidth: 80
                                                                                | printWidth
=====================================input======================================
(a?.b).c;
(a?.()).b;

(a?.b)();
(a?.())();

new (a?.b)();
new (a?.())();

=====================================output=====================================
(a?.b).c;
(a?.()).b;

(a?.b)();
(a?.())();

new (a?.b)();
new (a?.())();

================================================================================
`;
