// Jest Snapshot v1, https://goo.gl/fbAQLP

exports[`prints information for debugging AST --debug-print-ast (stdout) 1`] = `"{"type":"File","start":0,"end":18,"loc":{"start":{"line":1,"column":0,"index":0},"end":{"line":1,"column":18,"index":18}},"range":[0,18],"errors":[],"program":{"type":"Program","start":0,"end":18,"loc":{"start":{"line":1,"column":0,"index":0},"end":{"line":1,"column":18,"index":18}},"range":[0,18],"sourceType":"module","interpreter":null,"body":[{"type":"VariableDeclaration","start":0,"end":18,"loc":{"start":{"line":1,"column":0,"index":0},"end":{"line":1,"column":18,"index":18}},"range":[0,18],"declarations":[{"type":"VariableDeclarator","start":6,"end":17,"loc":{"start":{"line":1,"column":6,"index":6},"end":{"line":1,"column":17,"index":17}},"range":[6,17],"id":{"type":"Identifier","start":6,"end":9,"loc":{"start":{"line":1,"column":6,"index":6},"end":{"line":1,"column":9,"index":9},"identifierName":"foo"},"range":[6,9],"name":"foo"},"init":{"type":"StringLiteral","start":12,"end":17,"loc":{"start":{"line":1,"column":12,"index":12},"end":{"line":1,"column":17,"index":17}},"range":[12,17],"extra":{"rawValue":"foo","raw":"'foo'"},"value":"foo"}}],"kind":"const"}],"directives":[]},"comments":[],"tokens":[{"type":{"label":"const","keyword":"const","beforeExpr":false,"startsExpr":false,"rightAssociative":false,"isLoop":false,"isAssign":false,"prefix":false,"postfix":false,"binop":null,"updateContext":null},"value":"const","start":0,"end":5,"loc":{"start":{"line":1,"column":0,"index":0},"end":{"line":1,"column":5,"index":5}}},{"type":{"label":"name","beforeExpr":false,"startsExpr":true,"rightAssociative":false,"isLoop":false,"isAssign":false,"prefix":false,"postfix":false,"binop":null,"updateContext":null},"value":"foo","start":6,"end":9,"loc":{"start":{"line":1,"column":6,"index":6},"end":{"line":1,"column":9,"index":9}}},{"type":{"label":"=","beforeExpr":true,"startsExpr":false,"rightAssociative":false,"isLoop":false,"isAssign":true,"prefix":false,"postfix":false,"binop":null,"updateContext":null},"value":"=","start":10,"end":11,"loc":{"start":{"line":1,"column":10,"index":10},"end":{"line":1,"column":11,"index":11}}},{"type":{"label":"string","beforeExpr":false,"startsExpr":true,"rightAssociative":false,"isLoop":false,"isAssign":false,"prefix":false,"postfix":false,"binop":null,"updateContext":null},"value":"foo","start":12,"end":17,"loc":{"start":{"line":1,"column":12,"index":12},"end":{"line":1,"column":17,"index":17}}},{"type":{"label":";","beforeExpr":true,"startsExpr":false,"rightAssociative":false,"isLoop":false,"isAssign":false,"prefix":false,"postfix":false,"binop":null,"updateContext":null},"start":17,"end":18,"loc":{"start":{"line":1,"column":17,"index":17},"end":{"line":1,"column":18,"index":18}}},{"type":{"label":"eof","beforeExpr":false,"startsExpr":false,"rightAssociative":false,"isLoop":false,"isAssign":false,"prefix":false,"postfix":false,"binop":null,"updateContext":null},"start":18,"end":18,"loc":{"start":{"line":1,"column":18,"index":18},"end":{"line":1,"column":18,"index":18}}}]}"`;

exports[`prints information for debugging AST --debug-print-ast (write) 1`] = `[]`;
